// Vitest Snapshot v1, https://vitest.dev/guide/snapshot.html

exports[`CartItems > renders correctly 1`] = `
<DocumentFragment>
  <span>
    There are no items in your cart yet...
  </span>
</DocumentFragment>
`;
