// Vitest Snapshot v1, https://vitest.dev/guide/snapshot.html

exports[`App component > renders magnificent monkeys 1`] = `
<div>
  <div
    class="_app_bbbd1d"
  >
    <button
      type="button"
    >
      Click Me
    </button>
    <h1>
      Magnificent Monkeys
    </h1>
  </div>
</div>
`;
